{
'ruby-project:ruling/src/test/resources/sources/ruby/S2068.rb':[
1,
2,
],
'ruby-project:sources/ruby/fastlane/fastlane/spec/actions_specs/import_certificate_spec.rb':[
38,
],
'ruby-project:sources/ruby/rails/actionpack/test/controller/http_basic_authentication_test.rb':[
110,
],
'ruby-project:sources/ruby/rails/activerecord/test/cases/connection_specification/resolver_test.rb':[
90,
],
'ruby-project:sources/ruby/rails/railties/test/commands/dbconsole_test.rb':[
139,
],
'ruby-project:sources/ruby/vagrant/plugins/communicators/winrm/config.rb':[
36,
],
}
