{
'scala-project:sources/scala/finagle/finagle-core/src/main/scala/com/twitter/finagle/pool/WatermarkPool.scala':[
119,
],
'scala-project:sources/scala/mmlspark/src/featurize/src/main/scala/AssembleFeatures.scala':[
208,
363,
],
'scala-project:sources/scala/prisma/server/servers/api/src/main/scala/com/prisma/subscriptions/schema/MyVisitor.scala':[
190,
288,
300,
307,
314,
334,
341,
348,
419,
426,
],
}
